// Jest Snapshot v1, https://goo.gl/fbAQLP

exports[`view testing It should match the snapshot HTML for Todo 1`] = `
<DocumentFragment>
  <div
    class="sc-dkrFOg bmZLDp datatable-editing-demo overflow-auto h-100"
    data-testid="test-todo"
  >
    <div
      class="p-toast p-component p-toast-top-right"
    >
      <div />
    </div>
    <div
      class="card font-bold"
    >
      <div
        class="d-flex"
      >
        <div
          class="w-100"
        >
          <div
            class="w-100"
            placeholder="Entrez une tâche"
          >
            <input
              class="p-inputtext p-component w-100"
              placeholder="Entrez une tâche"
              value=""
            />
          </div>
        </div>
        <button
          aria-label="Bookmark"
          class="p-button p-component sc-gswNZR jPIqlE p-button-icon-only p-disabled"
          data-testid="test-buttonadd"
          disabled=""
        >
          <span
            class="p-button-icon p-c pi pi-plus"
          />
          <span
            class="p-button-label p-c"
          >
             
          </span>
        </button>
      </div>
      <div
        class="p-fluid"
      >
        <div
          class="p-datatable p-component p-datatable-responsive-scroll"
          data-scrollselectors=".p-datatable-wrapper"
          pr_id_1=""
        >
          <div
            class="p-datatable-wrapper"
          >
            <table
              class="p-datatable-table"
              role="table"
            >
              <thead
                class="p-datatable-thead"
              >
                <tr
                  role="row"
                >
                  <th
                    class=""
                    role="columnheader"
                    style="width: 20%;"
                  >
                    <div
                      class="p-column-header-content"
                    >
                      <span
                        class="p-column-title"
                      >
                        Tâche
                      </span>
                    </div>
                  </th>
                  <th
                    class=""
                    role="columnheader"
                    style="width: 20%;"
                  >
                    <div
                      class="p-column-header-content"
                    >
                      <span
                        class="p-column-title"
                      >
                        Check
                      </span>
                    </div>
                  </th>
                  <th
                    class=""
                    role="columnheader"
                    style="width: 10%; min-width: 8rem;"
                  >
                    <div
                      class="p-column-header-content"
                    >
                      <span
                        class="p-column-title"
                      />
                    </div>
                  </th>
                </tr>
              </thead>
              <tbody
                class="p-datatable-tbody"
              >
                <tr
                  class="p-datatable-emptymessage"
                  role="row"
                >
                  <td
                    colspan="3"
                    role="cell"
                  >
                    No results found
                  </td>
                </tr>
              </tbody>
            </table>
          </div>
        </div>
      </div>
    </div>
  </div>
</DocumentFragment>
`;
